CSV used: /home/customer/www/peoplerun.ai/public_html/wp-content/uploads/peoplerun/recover_reports/pages_http_audit.20260227T011936Z.csv
Run at: 2026-02-27T01:28:55+00:00
----------------------------------------
2026-02-27T01:28:55+00:00 SKIP ID=1615 already post_name='smoke-test-publisher-intent'
2026-02-27T01:28:56+00:00 SKIP ID=1665 already post_name='1665-2'
2026-02-27T01:28:56+00:00 SKIP ID=1661 already post_name='untitled-2'
2026-02-27T01:28:56+00:00 SKIP ID=1655 already post_name='operate-clarity'
2026-02-27T01:28:56+00:00 SKIP ID=1652 already post_name='orientation-layer-first-system-build'
2026-02-27T01:28:57+00:00 SKIP ID=1617 already post_name='social-media-engine-operator-manual'
2026-02-27T01:28:57+00:00 SKIP ID=1613 already post_name='social-engine-registry-workflow-v1'
2026-02-27T01:28:57+00:00 SKIP ID=1611 already post_name='surface-drift-audit-runner-v1'
2026-02-27T01:28:57+00:00 SKIP ID=1609 already post_name='prwp-wp-cli-wrapper-hard-surface-v1'
2026-02-27T01:28:58+00:00 SKIP ID=1607 already post_name='open-shop-execution-contract-v1-1'
2026-02-27T01:28:58+00:00 SKIP ID=1605 already post_name='open-shop-execution-contract-v1'
2026-02-27T01:28:58+00:00 SKIP ID=1585 already post_name='activation-queue'
2026-02-27T01:28:59+00:00 SKIP ID=1577 already post_name='global-mutation-guard-v1'
2026-02-27T01:28:59+00:00 SKIP ID=1575 already post_name='intelligence-authority-ledger-v1'
2026-02-27T01:28:59+00:00 SKIP ID=1565 already post_name='hard-surface-entry'
2026-02-27T01:28:59+00:00 SKIP ID=1368 already post_name='peoplerun-os-canonical-indices-2'
2026-02-27T01:29:00+00:00 SKIP ID=1534 already post_name='canonical-indices-hub'
2026-02-27T01:29:00+00:00 SKIP ID=1513 already post_name='canonical-structure-in-practice-issue-15'
2026-02-27T01:29:00+00:00 SKIP ID=1511 already post_name='canonical-structure-in-practice-issue-14'
2026-02-27T01:29:00+00:00 SKIP ID=1508 already post_name='canonical-structure-in-practice-issue-13'
2026-02-27T01:29:01+00:00 SKIP ID=1507 already post_name='release-registry'
2026-02-27T01:29:01+00:00 SKIP ID=1506 already post_name='newsletter-archives'
2026-02-27T01:29:01+00:00 SKIP ID=979 already post_name='canonical-structure-in-practice-newsletter-index'
2026-02-27T01:29:02+00:00 SKIP ID=1472 already post_name='canonical-structure-in-practice-issue-12-2-dupe-20260202t044351z'
2026-02-27T01:29:02+00:00 SKIP ID=1466 already post_name='canonical-structure-in-practice-newsletter-index-2'
2026-02-27T01:29:02+00:00 SKIP ID=1487 already post_name='canonical-structure-in-practice-newsletter-index-3'
2026-02-27T01:29:02+00:00 SKIP ID=1470 already post_name='canonical-structure-in-practice-issue-12'
2026-02-27T01:29:03+00:00 SKIP ID=1467 already post_name='decommissioned-canonical-structure-duplicate'
2026-02-27T01:29:03+00:00 SKIP ID=1465 already post_name='peoplerun-ai-control-surface-canonical-structure'
2026-02-27T01:29:03+00:00 SKIP ID=364 already post_name='router-x'
2026-02-27T01:29:03+00:00 SKIP ID=1460 already post_name='peoplerun-ai-control-surface-registry'
2026-02-27T01:29:04+00:00 SKIP ID=1461 already post_name='redirect-control-surface-registry'
2026-02-27T01:29:04+00:00 SKIP ID=1458 already post_name='public-signal-learning-loop-psll'
2026-02-27T01:29:04+00:00 SKIP ID=1452 already post_name='indices-redirect'
2026-02-27T01:29:04+00:00 SKIP ID=1448 already post_name='peoplerun-ai-social-analytics'
2026-02-27T01:29:05+00:00 SKIP ID=1411 already post_name='canonical-structure-in-practice-issue-11'
2026-02-27T01:29:05+00:00 SKIP ID=1419 already post_name='newsletter-issues-inventory'
2026-02-27T01:29:05+00:00 SKIP ID=1410 already post_name='hr-style-surface'
2026-02-27T01:29:06+00:00 SKIP ID=1367 already post_name='peoplerun-os-canonical-indices'
2026-02-27T01:29:06+00:00 SKIP ID=1366 already post_name='peoplerun-os-tour-proof-ledger'
2026-02-27T01:29:06+00:00 SKIP ID=1365 already post_name='peoplerun-os-public-tour'
2026-02-27T01:29:06+00:00 SKIP ID=1359 already post_name='phase-iv-proof-exit'
2026-02-27T01:29:07+00:00 SKIP ID=1355 already post_name='authoritative-input-node-ain-1-contract'
2026-02-27T01:29:07+00:00 SKIP ID=1347 already post_name='untitled'
2026-02-27T01:29:07+00:00 SKIP ID=961 already post_name='system-map'
2026-02-27T01:29:07+00:00 SKIP ID=1341 already post_name='boot-hub'
2026-02-27T01:29:08+00:00 SKIP ID=1340 already post_name='phase-iv-the-one-inevitable-move'
2026-02-27T01:29:08+00:00 SKIP ID=1339 already post_name='peoplerun-os-surface-candidates-registry'
2026-02-27T01:29:08+00:00 SKIP ID=1338 already post_name='voice-capture-%e2%86%92-draft-%e2%86%92-build-system'
2026-02-27T01:29:09+00:00 SKIP ID=1337 already post_name='phase-iv-b-adoption-closed-canonical'
2026-02-27T01:29:09+00:00 SKIP ID=1336 already post_name='peoplerun-os-adoption-execute-escalation-preview'
2026-02-27T01:29:09+00:00 SKIP ID=1335 already post_name='peoplerun-os-adoption-execute-whats-next'
2026-02-27T01:29:09+00:00 SKIP ID=1334 already post_name='peoplerun-os-adoption-execute-resume-after-pause'
2026-02-27T01:29:10+00:00 SKIP ID=1333 already post_name='peoplerun-os-adoption-execute-insight-loop'
2026-02-27T01:29:10+00:00 SKIP ID=1332 already post_name='peoplerun-os-adoption-execute-value-loop'
2026-02-27T01:29:10+00:00 SKIP ID=1331 already post_name='iv-b-adoption-signals-metrics'
2026-02-27T01:29:10+00:00 SKIP ID=1330 already post_name='iv-b-usage-loops-return-triggers'
2026-02-27T01:29:11+00:00 SKIP ID=1329 already post_name='ep-iv-b-adoption-entry-paths'
2026-02-27T01:29:11+00:00 SKIP ID=1328 already post_name='sc-iv-b-adoption-success-criteria'
2026-02-27T01:29:11+00:00 SKIP ID=1327 already post_name='phase-iv-b-adoption-open'
2026-02-27T01:29:11+00:00 SKIP ID=1326 already post_name='phase-iv-a-activation-closed-canonical'
2026-02-27T01:29:12+00:00 SKIP ID=1325 already post_name='phase-iv-a-activation-closed'
2026-02-27T01:29:12+00:00 SKIP ID=1321 already post_name='peoplerun-os-activation-execute-verifier'
2026-02-27T01:29:12+00:00 SKIP ID=1323 already post_name='peoplerun-os-activation-execute-log-hook'
2026-02-27T01:29:13+00:00 SKIP ID=1320 already post_name='peoplerun-os-activation-execute-checklist'
2026-02-27T01:29:13+00:00 SKIP ID=1319 already post_name='peoplerun-os-activation-complete'
2026-02-27T01:29:13+00:00 SKIP ID=1318 already post_name='peoplerun-os-what-you-must-not-change'
2026-02-27T01:29:13+00:00 SKIP ID=1317 already post_name='peoplerun-os-roles-permissions'
2026-02-27T01:29:14+00:00 SKIP ID=1316 already post_name='peoplerun-os-first-use-guide'
2026-02-27T01:29:14+00:00 SKIP ID=1315 already post_name='peoplerun-os-activation-overview'
2026-02-27T01:29:14+00:00 SKIP ID=1313 already post_name='peoplerun-os-phase-iii-exit-criteria'
2026-02-27T01:29:15+00:00 SKIP ID=1312 already post_name='peoplerun-os-reference-verification-bundle-rvb-v1-0'
2026-02-27T01:29:15+00:00 SKIP ID=1311 already post_name='peoplerun-os-installer-contract-l1-l3'
2026-02-27T01:29:15+00:00 SKIP ID=1309 already post_name='peoplerun-os-installer-contract-l1'
2026-02-27T01:29:15+00:00 SKIP ID=1308 already post_name='peoplerun-os-transferability-boundaries'
2026-02-27T01:29:16+00:00 SKIP ID=1279 already post_name='boot-hub-hard-surface-entry'
2026-02-27T01:29:16+00:00 SKIP ID=1306 already post_name='peoplerun-os-canonical-indices-original'
2026-02-27T01:29:16+00:00 SKIP ID=1302 already post_name='peoplerun-os-official-build-plan'
2026-02-27T01:29:16+00:00 SKIP ID=1301 already post_name='external-commerce-link-payhip-checkout'
2026-02-27T01:29:17+00:00 SKIP ID=1298 already post_name='build-document'
2026-02-27T01:29:17+00:00 SKIP ID=1291 already post_name='builddoc-progress-console'
2026-02-27T01:29:17+00:00 SKIP ID=1287 already post_name='1287-2'
2026-02-27T01:29:17+00:00 SKIP ID=1286 already post_name='social-surface-core-patch'
2026-02-27T01:29:18+00:00 SKIP ID=1285 already post_name='hard-surface-social-commenting-loop'
2026-02-27T01:29:18+00:00 SKIP ID=1284 already post_name='governance-execution-map'
2026-02-27T01:29:18+00:00 SKIP ID=1282 already post_name='structural-reference-event-signal-log'
2026-02-27T01:29:19+00:00 SKIP ID=1281 already post_name='social-surface-core'
2026-02-27T01:29:19+00:00 SKIP ID=1278 already post_name='structural-reference'
2026-02-27T01:29:19+00:00 SKIP ID=1274 already post_name='hard-surface-idea-pitching'
2026-02-27T01:29:19+00:00 SKIP ID=1273 already post_name='hard-surface-publisher-studio-intelligence-layer-phase-iii'
2026-02-27T01:29:20+00:00 SKIP ID=1272 already post_name='hard-surface-publisher-studio-intelligence-layer-phase-iii-%c2%b7-deterministic-test-vector-%c2%b7-v1-0'
2026-02-27T01:29:20+00:00 SKIP ID=1271 already post_name='hard-surface-publisher-studio-intelligence-layer-phase-iii-%c2%b7-implementation-spec-%c2%b7-v1-0'
2026-02-27T01:29:20+00:00 SKIP ID=1270 already post_name='enforcement-addendum-%c2%b7-publisher-studio-intelligence-layer-%c2%b7-token-auth-deterministic-explain-%c2%b7-v1-0'
2026-02-27T01:29:20+00:00 SKIP ID=1269 already post_name='enforcement-addendum-%c2%b7-social-visual-system-%c2%b7-unpaid-%c2%b7-freeze-extension-%c2%b7-v1-0'
2026-02-27T01:29:21+00:00 SKIP ID=1267 already post_name='hard-surface-social-visual-system-unpaid-2'
2026-02-27T01:29:21+00:00 SKIP ID=1266 already post_name='hard-surface-social-visual-system-unpaid'
2026-02-27T01:29:21+00:00 SKIP ID=1265 already post_name='micro-expander-system-specification'
2026-02-27T01:29:22+00:00 SKIP ID=1264 already post_name='hard-surface-social-media-plan-unpaid'
2026-02-27T01:29:22+00:00 SKIP ID=1262 already post_name='build-document-hard-surface-github-mirror-freeze-safe-2'
2026-02-27T01:29:22+00:00 SKIP ID=1260 already post_name='build-document-hard-surface-github-mirror-freeze-safe'
2026-02-27T01:29:22+00:00 SKIP ID=1259 already post_name='system-state-preservation-weekend-freeze'
2026-02-27T01:29:23+00:00 SKIP ID=1251 already post_name='canonical-structure-in-practice-issue-10'
2026-02-27T01:29:23+00:00 SKIP ID=1250 already post_name='build-document-phase-ii-a-control-surface-specification'
2026-02-27T01:29:23+00:00 SKIP ID=1248 already post_name='build-document-phase-i-admin-console-registry-guardrails-publisher-drift-detection'
2026-02-27T01:29:23+00:00 SKIP ID=1246 already post_name='build-document-community-console-primitives-namespace-registry-publisher-router'
2026-02-27T01:29:24+00:00 SKIP ID=1240 already post_name='install-peoplerun-ai'
2026-02-27T01:29:24+00:00 SKIP ID=1217 already post_name='build-document-hard-jump-resolver-hjr-v1-0-soft-fail'
2026-02-27T01:29:24+00:00 SKIP ID=1214 already post_name='build-document-imagecraft-hard-enforcement-rule'
2026-02-27T01:29:25+00:00 SKIP ID=1212 already post_name='build-documents'
2026-02-27T01:29:25+00:00 SKIP ID=1211 already post_name='build-document-paid-from-day-one-public-access'
2026-02-27T01:29:25+00:00 SKIP ID=1205 already post_name='the-product-arc-how-offers-stack'
2026-02-27T01:29:25+00:00 SKIP ID=1200 already post_name='overview-funnels-products'
2026-02-27T01:29:26+00:00 SKIP ID=1193 already post_name='entry-peoplerunai-org-knowledge-lessons'
2026-02-27T01:29:26+00:00 SKIP ID=1192 already post_name='entry-peoplerunai-net-community'
2026-02-27T01:29:26+00:00 SKIP ID=1190 already post_name='entry-peoplerunai-com-funnels-products'
2026-02-27T01:29:26+00:00 SKIP ID=1179 already post_name='canonical-structure-in-practice-newsletter-center'
2026-02-27T01:29:27+00:00 SKIP ID=1177 already post_name='newsletter-visual-style-baseline'
2026-02-27T01:29:27+00:00 SKIP ID=1174 already post_name='newsletter-guardrail-protocol'
2026-02-27T01:29:27+00:00 SKIP ID=1165 already post_name='canonical-structure-in-practice-issue-09'
2026-02-27T01:29:28+00:00 SKIP ID=854 already post_name='canonical-structure-in-practice-issue-08'
2026-02-27T01:29:28+00:00 SKIP ID=1114 already post_name='canonical-structure-in-practice-issue-01'
2026-02-27T01:29:28+00:00 SKIP ID=758 already post_name='canonical-structure-in-practice-issue-07'
2026-02-27T01:29:28+00:00 SKIP ID=1135 already post_name='canonical-structure-in-practice-issue-06'
2026-02-27T01:29:29+00:00 SKIP ID=1131 already post_name='canonical-structure-in-practice-issue-05'
2026-02-27T01:29:29+00:00 SKIP ID=456 already post_name='canonical-structure-in-practice-issue-02'
2026-02-27T01:29:29+00:00 SKIP ID=1122 already post_name='canonical-structure-in-practice-issue-04'
2026-02-27T01:29:30+00:00 SKIP ID=1118 already post_name='canonical-structure-in-practice-issue-03'
2026-02-27T01:29:30+00:00 SKIP ID=1091 already post_name='3-lane-engine-systems'
2026-02-27T01:29:30+00:00 SKIP ID=1074 already post_name='peoplerun-ai-architecture-spine-3'
2026-02-27T01:29:30+00:00 SKIP ID=1008 already post_name='youre-in-welcome-to-the-loop'
2026-02-27T01:29:31+00:00 SKIP ID=1011 already post_name='new-user-qa'
2026-02-27T01:29:31+00:00 SKIP ID=1012 already post_name='build-your-first-system'
2026-02-27T01:29:31+00:00 SKIP ID=1006 already post_name='your-first-24-hours-with-peoplerun-ai'
2026-02-27T01:29:31+00:00 SKIP ID=1009 already post_name='start-here-your-installation-path'
2026-02-27T01:29:32+00:00 SKIP ID=1013 already post_name='the-peoplerun-ai-installation-loop'
2026-02-27T01:29:32+00:00 SKIP ID=1050 already post_name='micro-expand-component-magazine-1-standard-v1-1'
